// Jest Snapshot v1, https://goo.gl/fbAQLP

exports[`Member Modal Component Should match snapshot 1`] = `
"<Fragment>
  <div style={{...}}>
    <Form as=\\"form\\">
      <FormGroup widths=\\"equal\\">
        <FormField>
          <Input fluid={true} label=\\"Cognome\\" value=\\"\\" onChange={[Function: onChange]} type=\\"text\\" />
        </FormField>
        <FormField>
          <Input fluid={true} label=\\"Nome\\" value=\\"\\" onChange={[Function: onChange]} type=\\"text\\" />
        </FormField>
      </FormGroup>
      <FormGroup widths=\\"equal\\">
        <FormField>
          <Input fluid={true} label=\\"Luogo di nascita\\" value=\\"\\" onChange={[Function: onChange]} type=\\"text\\" />
        </FormField>
        <FormField>
          <Input label=\\"Data di nascita\\" fluid={true} placeholder=\\"Format: GG/MM/YYYY\\" value=\\"\\" onChange={[Function: onChange]} type=\\"text\\" />
        </FormField>
      </FormGroup>
      <FormGroup widths=\\"equal\\">
        <FormField>
          <Select value=\\"\\" options={{...}} onChange={[Function: onChange]} />
        </FormField>
        <FormField>
          <Input fluid={true} label=\\"Codice Fiscale\\" value=\\"\\" onChange={[Function: onChange]} type=\\"text\\" />
        </FormField>
      </FormGroup>
      <FormGroup widths=\\"equal\\">
        <FormField>
          <Input fluid={true} label=\\"Indirizzo\\" value=\\"\\" onChange={[Function: onChange]} type=\\"text\\" />
        </FormField>
        <FormField>
          <Input fluid={true} label=\\"CAP\\" value=\\"\\" maxLength={5} onChange={[Function: onChange]} type=\\"text\\" />
        </FormField>
      </FormGroup>
      <FormGroup widths=\\"equal\\">
        <FormField>
          <Input fluid={true} label=\\"Città\\" value=\\"\\" onChange={[Function: onChange]} type=\\"text\\" />
        </FormField>
        <FormField>
          <Input fluid={true} label=\\"Provincia\\" maxLength={2} value=\\"\\" onChange={[Function: onChange]} type=\\"text\\" />
        </FormField>
      </FormGroup>
      <FormGroup widths=\\"equal\\">
        <FormField>
          <Input fluid={true} label=\\"Telefono\\" value=\\"\\" onChange={[Function: onChange]} type=\\"text\\" />
        </FormField>
        <FormField>
          <Input fluid={true} label=\\"Email\\" value=\\"\\" onChange={[Function: onChange]} type=\\"text\\" />
        </FormField>
      </FormGroup>
    </Form>
  </div>
  <div>
    <hr />
    <Button primary={true} id=\\"idDiscardButton\\" onClick={[Function: onClose]} as=\\"button\\">
      Annulla
    </Button>
    <Button id=\\"idSaveButton\\" onClick={[Function: onSave]} style={{...}} as=\\"button\\">
      Salva
    </Button>
  </div>
</Fragment>"
`;
