// Jest Snapshot v1, https://goo.gl/fbAQLP

exports[`Member Row Component Should match snapshot 1`] = `
"<Fragment>
  <TableRow as=\\"tr\\" cellAs=\\"td\\">
    <TableCell as=\\"td\\">
      Rossi
    </TableCell>
    <TableCell as=\\"td\\">
      Mario
    </TableCell>
    <TableCell as=\\"td\\">
      01/10/1980
    </TableCell>
    <TableCell as=\\"td\\">
      MRARSS80E01E783P
    </TableCell>
    <TableCell as=\\"td\\">
      Tolentino
    </TableCell>
    <TableCell as=\\"td\\">
      MC
    </TableCell>
    <TableCell as=\\"td\\">
      mario.rossi@libero.it
    </TableCell>
    <TableCell as=\\"td\\">
      <FontAwesomeIcon icon={{...}} color=\\"red\\" border={false} className=\\"\\" mask={{...}} fixedWidth={false} inverse={false} flip={{...}} listItem={false} pull={{...}} pulse={false} rotation={{...}} size={{...}} spin={false} symbol={false} title=\\"\\" transform={{...}} swapOpacity={false} />
    </TableCell>
    <TableCell colSpan={2} as=\\"td\\">
      <Button id=\\"editButtonId_123\\" onClick={[Function: onClick]} size=\\"small\\" as=\\"button\\">
        <FontAwesomeIcon icon={{...}} color=\\"green\\" border={false} className=\\"\\" mask={{...}} fixedWidth={false} inverse={false} flip={{...}} listItem={false} pull={{...}} pulse={false} rotation={{...}} size={{...}} spin={false} symbol={false} title=\\"\\" transform={{...}} swapOpacity={false} />
      </Button>
      <Button id=\\"deleteButtonId_123\\" onClick={[Function: onDelete]} size=\\"small\\" as=\\"button\\">
        <FontAwesomeIcon icon={{...}} color=\\"red\\" border={false} className=\\"\\" mask={{...}} fixedWidth={false} inverse={false} flip={{...}} listItem={false} pull={{...}} pulse={false} rotation={{...}} size={{...}} spin={false} symbol={false} title=\\"\\" transform={{...}} swapOpacity={false} />
      </Button>
    </TableCell>
  </TableRow>
  <ConfirmDialog title=\\"Confermi cancellazione?\\" onOk={[Function: confirmDelete]} onDiscard={[Function: onDiscard]} isOpen={false} />
</Fragment>"
`;
